// Jest Snapshot v1, https://goo.gl/fbAQLP

exports[`<Pagination /> displays a loading message 1`] = `undefined`;

exports[`<Pagination /> renders pagination for 18 items 1`] = `
Array [
  <PaginationStyles
    data-test="pagination"
  >
    <div
      className="PaginationStyles-aduuar-0 eOiuac"
      data-test="pagination"
    >
      <Head>
        <_default
          headManager={Object {}}
          inAmpMode={false}
          reduceComponentsToState={[Function]}
        />
      </Head>
      <Link
        href={
          Object {
            "pathname": "items",
            "query": Object {
              "page": 0,
            },
          }
        }
        prefetch={true}
      >
        <a
          aria-disabled={true}
          className="prev"
          href="/items?page=0"
          onClick={[Function]}
          onMouseEnter={[Function]}
        >
          ← Prev
        </a>
      </Link>
      <p>
        Page 
        1
         of
        <span
          className="totalPages"
        >
          5
        </span>
        !
      </p>
      <p>
        18
         Items Total
      </p>
      <Link
        href={
          Object {
            "pathname": "items",
            "query": Object {
              "page": 2,
            },
          }
        }
        prefetch={true}
      >
        <a
          aria-disabled={false}
          className="next"
          href="/items?page=2"
          onClick={[Function]}
          onMouseEnter={[Function]}
        >
          Next →
        </a>
      </Link>
    </div>
  </PaginationStyles>,
  <div
    className="PaginationStyles-aduuar-0 eOiuac"
    data-test="pagination"
  >
    <Head>
      <_default
        headManager={Object {}}
        inAmpMode={false}
        reduceComponentsToState={[Function]}
      />
    </Head>
    <Link
      href={
        Object {
          "pathname": "items",
          "query": Object {
            "page": 0,
          },
        }
      }
      prefetch={true}
    >
      <a
        aria-disabled={true}
        className="prev"
        href="/items?page=0"
        onClick={[Function]}
        onMouseEnter={[Function]}
      >
        ← Prev
      </a>
    </Link>
    <p>
      Page 
      1
       of
      <span
        className="totalPages"
      >
        5
      </span>
      !
    </p>
    <p>
      18
       Items Total
    </p>
    <Link
      href={
        Object {
          "pathname": "items",
          "query": Object {
            "page": 2,
          },
        }
      }
      prefetch={true}
    >
      <a
        aria-disabled={false}
        className="next"
        href="/items?page=2"
        onClick={[Function]}
        onMouseEnter={[Function]}
      >
        Next →
      </a>
    </Link>
  </div>,
]
`;
